javac : src\com\retaile
rp\service\ERPService.j
ava:43: error: cannot 
find symbol
At line:1 char:1
+ javac -d bin -cp 
"bin;lib\*" 
-sourcepath src src\com
\retailerp\servic ...
+ ~~~~~~~~~~~~~~~~~~~~~
~~~~~~~~~~~~~~~~~~~~~~~
~~~~~~~~~~~~~~~~~~~~~~~
~~
    + CategoryInfo     
         : 
NotSpecified: (src    
\com\retaile...not fin 
   d symbol:String) 
[], R    emoteException
    + 
FullyQualifiedErrorI   
 d : NativeCommandError
 
        if(res == 
true) com.retailerp.uti
l.EventBus.publish("USE
R_CHANGED");
                       
                   ^
  symbol:   class 
EventBus
  location: package 
com.retailerp.util
src\com\retailerp\servi
ce\ERPService.java:49: 
error: cannot find 
symbol
        if(res) com.ret
ailerp.util.EventBus.pu
blish("USER_CHANGED");
                       
           ^
  symbol:   class 
EventBus
  location: package 
com.retailerp.util
src\com\retailerp\servi
ce\ERPService.java:55: 
error: cannot find 
symbol
        if(res) com.ret
ailerp.util.EventBus.pu
blish("USER_CHANGED");
                       
           ^
  symbol:   class 
EventBus
  location: package 
com.retailerp.util
src\com\retailerp\servi
ce\ERPService.java:66: 
error: cannot find 
symbol
        if(res == 
true) com.retailerp.uti
l.EventBus.publish("BRA
NCH_CHANGED");
                       
                   ^
  symbol:   class 
EventBus
  location: package 
com.retailerp.util
src\com\retailerp\servi
ce\ERPService.java:72: 
error: cannot find 
symbol
        if(res) com.ret
ailerp.util.EventBus.pu
blish("BRANCH_CHANGED")
;
                       
           ^
  symbol:   class 
EventBus
  location: package 
com.retailerp.util
src\com\retailerp\servi
ce\ERPService.java:78: 
error: cannot find 
symbol
        if(res) com.ret
ailerp.util.EventBus.pu
blish("BRANCH_CHANGED")
;
                       
           ^
  symbol:   class 
EventBus
  location: package 
com.retailerp.util
src\com\retailerp\servi
ce\ERPService.java:89: 
error: cannot find 
symbol
        if(res == 
true) com.retailerp.uti
l.EventBus.publish("CAT
EGORY_CHANGED");
                       
                   ^
  symbol:   class 
EventBus
  location: package 
com.retailerp.util
src\com\retailerp\servi
ce\ERPService.java:95: 
error: cannot find 
symbol
        if(res) com.ret
ailerp.util.EventBus.pu
blish("CATEGORY_CHANGED
");
                       
           ^
  symbol:   class 
EventBus
  location: package 
com.retailerp.util
src\com\retailerp\servi
ce\ERPService.java:101:
 error: cannot find 
symbol
        if(res) com.ret
ailerp.util.EventBus.pu
blish("CATEGORY_CHANGED
");
                       
           ^
  symbol:   class 
EventBus
  location: package 
com.retailerp.util
src\com\retailerp\servi
ce\ERPService.java:120:
 error: cannot find 
symbol
        if(res == 
true) com.retailerp.uti
l.EventBus.publish("PRO
DUCT_CHANGED");
                       
                   ^
  symbol:   class 
EventBus
  location: package 
com.retailerp.util
src\com\retailerp\servi
ce\ERPService.java:126:
 error: cannot find 
symbol
        if(res) com.ret
ailerp.util.EventBus.pu
blish("PRODUCT_CHANGED"
);
                       
           ^
  symbol:   class 
EventBus
  location: package 
com.retailerp.util
src\com\retailerp\servi
ce\ERPService.java:132:
 error: cannot find 
symbol
        if(res) com.ret
ailerp.util.EventBus.pu
blish("PRODUCT_CHANGED"
);
                       
           ^
  symbol:   class 
EventBus
  location: package 
com.retailerp.util
src\com\retailerp\servi
ce\ERPService.java:147:
 error: cannot find 
symbol
        if(res == 
true) com.retailerp.uti
l.EventBus.publish("EMP
LOYEE_CHANGED");
                       
                   ^
  symbol:   class 
EventBus
  location: package 
com.retailerp.util
src\com\retailerp\servi
ce\ERPService.java:153:
 error: cannot find 
symbol
        if(res) com.ret
ailerp.util.EventBus.pu
blish("EMPLOYEE_CHANGED
");
                       
           ^
  symbol:   class 
EventBus
  location: package 
com.retailerp.util
src\com\retailerp\servi
ce\ERPService.java:159:
 error: cannot find 
symbol
        if(res) com.ret
ailerp.util.EventBus.pu
blish("EMPLOYEE_CHANGED
");
                       
           ^
  symbol:   class 
EventBus
  location: package 
com.retailerp.util
src\com\retailerp\servi
ce\ERPService.java:214:
 error: cannot find 
symbol
        if(res == 
true) com.retailerp.uti
l.EventBus.publish("CUS
TOMER_CHANGED");
                       
                   ^
  symbol:   class 
EventBus
  location: package 
com.retailerp.util
src\com\retailerp\servi
ce\ERPService.java:220:
 error: cannot find 
symbol
        if(res) com.ret
ailerp.util.EventBus.pu
blish("CUSTOMER_CHANGED
");
                       
           ^
  symbol:   class 
EventBus
  location: package 
com.retailerp.util
src\com\retailerp\servi
ce\ERPService.java:226:
 error: cannot find 
symbol
        if(res) com.ret
ailerp.util.EventBus.pu
blish("CUSTOMER_CHANGED
");
                       
           ^
  symbol:   class 
EventBus
  location: package 
com.retailerp.util
src\com\retailerp\servi
ce\ERPService.java:245:
 error: cannot find 
symbol
        if(res == 
true) com.retailerp.uti
l.EventBus.publish("SUP
PLIER_CHANGED");
                       
                   ^
  symbol:   class 
EventBus
  location: package 
com.retailerp.util
src\com\retailerp\servi
ce\ERPService.java:251:
 error: cannot find 
symbol
        if(res) com.ret
ailerp.util.EventBus.pu
blish("SUPPLIER_CHANGED
");
                       
           ^
  symbol:   class 
EventBus
  location: package 
com.retailerp.util
src\com\retailerp\servi
ce\ERPService.java:257:
 error: cannot find 
symbol
        if(res) com.ret
ailerp.util.EventBus.pu
blish("SUPPLIER_CHANGED
");
                       
           ^
  symbol:   class 
EventBus
  location: package 
com.retailerp.util
src\com\retailerp\servi
ce\ERPService.java:268:
 error: cannot find 
symbol
        if(res > 0) com
.retailerp.util.EventBu
s.publish("PO_CHANGED")
;
                       
               ^
  symbol:   class 
EventBus
  location: package 
com.retailerp.util
src\com\retailerp\servi
ce\ERPService.java:274:
 error: cannot find 
symbol
        if(res) com.ret
ailerp.util.EventBus.pu
blish("PO_CHANGED");
                       
           ^
  symbol:   class 
EventBus
  location: package 
com.retailerp.util
23 errors
